Microchip MPLAB XC8 Compiler V2.40

Linker command line:

-W-3 \
  --edf=C:\Program Files\Microchip\xc8\v2.40\pic\dat\20220703182018_en.msgs \
  -cn -h+dist/default/production\PLACAR.X.production.sym \
  --cmf=dist/default/production\PLACAR.X.production.cmf -z -Q18F4550 \
  -oC:\Users\VINICIUS\AppData\Local\Temp\xcAs99o.4 --defsym=__MPLAB_BUILD=1 \
  --fixupoverflow=error -Mdist/default/production/PLACAR.X.production.map \
  --md=C:\Users\VINICIUS\AppData\Local\Temp\xcAs99o.dat -E1 \
  -ver=XC8 Compiler --acfsm=1493 -ACODE=00h-07FFFh -ACONST=00h-07FFFh \
  -ASMALLCONST=0800h-08FFhx120 -AMEDIUMCONST=0800h-07FFFh -ACOMRAM=01h-05Fh \
  -AABS1=00h-07FFh -ABIGRAM=01h-07FFh -ARAM=060h-0FFh,0100h-01FFhx7 \
  -ABANK0=060h-0FFh -ABANK1=0100h-01FFh -ABANK2=0200h-02FFh \
  -ABANK3=0300h-03FFh -ABANK4=0400h-04FFh -ABANK5=0500h-05FFh \
  -ABANK6=0600h-06FFh -ABANK7=0700h-07FFh -ASFR=0F60h-0FFFh \
  -ABIGSFR=0F60h-0FFFh -ACONFIG=0300000h-030000Dh -AIDLOC=0200000h-0200007h \
  -AEEDATA=0F00000h-0F000FFh -peeprom_data=EEDATA \
  -preset_vec=00h,intcode,intcodelo,powerup,init -pramtop=0800h \
  -psmallconst=SMALLCONST -pmediumconst=MEDIUMCONST -pconst=CONST \
  -AFARRAM=00h-00h \
  -prdata=COMRAM,nvrram=COMRAM,nvbit=COMRAM,rbss=COMRAM,rbit=COMRAM \
  -pfarbss=FARRAM,fardata=FARRAM,nvFARRAM=FARRAM \
  -pintsave_regs=BIGRAM,bigbss=BIGRAM,bigdata=BIGRAM -pbss=RAM \
  -pidata=CODE,irdata=CODE,ibigdata=CODE,ifardata=CODE -prparam=COMRAM \
  C:\Users\VINICIUS\AppData\Local\Temp\xcAs99o.o \
  dist/default/production\PLACAR.X.production.o 

Object code version is 3.11

Machine type is 18F4550



                Name                               Link     Load   Length Selector   Space Scale
C:\Users\VINICIUS\AppData\Local\Temp\xcAs99o.o
                idloc                            200000   200000        8        0       5
                config                           300000   300000        E        0       4
                init                                  0        0        4        0       0
dist/default/production\PLACAR.X.production.o
                idloc                            200000   200000        8        0       5
                config                           300000   300000        E        0       4
                smallconst                          800      800       24      400       0
                text9                               A78      A78        6      412       0
                text8                               A2C      A2C       1C      412       0
                text7                               A5E      A5E       12      412       0
                text6                               990      990       48      412       0
                text5                               A70      A70        8      412       0
                text4                               A02      A02       2A      412       0
                text3                               8E4      8E4       5C      412       0
                text2                               9D8      9D8       2A      412       0
                text1                               940      940       50      412       0
                text0                               824      824       C0      412       0
                cstackCOMRAM                         42       42       11        1       1
                bssCOMRAM                             1        1       41        1       1
                cinit                               A48      A48       16      412       0

TOTAL           Name                               Link     Load   Length     Space
        CLASS   CODE           
                init                                  0        0        4         0
                text9                               A78      A78        6         0
                text8                               A2C      A2C       1C         0
                text7                               A5E      A5E       12         0
                text6                               990      990       48         0
                text5                               A70      A70        8         0
                text4                               A02      A02       2A         0
                text3                               8E4      8E4       5C         0
                text2                               9D8      9D8       2A         0
                text1                               940      940       50         0
                text0                               824      824       C0         0
                cinit                               A48      A48       16         0

        CLASS   CONST          

        CLASS   SMALLCONST     
                smallconst                          800      800       24         0

        CLASS   MEDIUMCONST    

        CLASS   COMRAM         
                cstackCOMRAM                         42       42       11         1
                bssCOMRAM                             1        1       41         1

        CLASS   ABS1           

        CLASS   BIGRAM         

        CLASS   RAM            

        CLASS   BANK0          

        CLASS   BANK1          

        CLASS   BANK2          

        CLASS   BANK3          

        CLASS   BANK4          

        CLASS   BANK5          

        CLASS   BANK6          

        CLASS   BANK7          

        CLASS   SFR            

        CLASS   BIGSFR         

        CLASS   CONFIG         
                config                           300000   300000        E         4

        CLASS   IDLOC          
                idloc                            200000   200000        8         5

        CLASS   EEDATA         

        CLASS   FARRAM         

        CLASS   HEAP           

        CLASS   STACK          



SEGMENTS        Name                           Load    Length   Top    Selector   Space  Class

                reset_vec                      000000  000004  000004         0       0  CODE    
                bssCOMRAM                      000001  000052  000053         1       1  COMRAM  
                smallconst                     000800  000024  000824       400       0  SMALLCON
                text0                          000824  00025A  000A7E       412       0  CODE    


UNUSED ADDRESS RANGES

        Name                Unused          Largest block    Delta
        BANK0            000060-0000FF               A0
        BANK1            000100-0001FF              100
        BANK2            000200-0002FF              100
        BANK3            000300-0003FF              100
        BANK4            000400-0004FF              100
        BANK5            000500-0005FF              100
        BANK6            000600-0006FF              100
        BANK7            000700-0007FF              100
        BIGRAM           000053-0007FF              7AD
        BIGSFR           000F60-000FFF               A0
        CODE             000004-0007FF              7FC
                         000A7E-007FFF             7582
        COMRAM           000053-00005F                D
        CONST            000004-0007FF              7FC
                         000A7E-007FFF             7582
        EEDATA           F00000-F000FF              100
        MEDIUMCONST      000A7E-007FFF             7582
        RAM              000060-0007FF              100
        SFR              000F60-000FFF               A0
        SMALLCONST       000A7E-007FFF              100

                                  Symbol Table

_PORTBbits               (abs)        000F81
_PORTD                   (abs)        000F83
_PORTEbits               (abs)        000F84
_TRISB                   (abs)        000F93
_TRISD                   (abs)        000F95
_TRISE                   (abs)        000F96
__Exit                   text9        000A78
__Exit@ec                cstackCOMRAM 000042
__HRAM                   (abs)        000000
__Habs1                  abs1         000000
__Hbank0                 bank0        000000
__Hbank1                 bank1        000000
__Hbank2                 bank2        000000
__Hbank3                 bank3        000000
__Hbank4                 bank4        000000
__Hbank5                 bank5        000000
__Hbank6                 bank6        000000
__Hbank7                 bank7        000000
__Hbigbss                bigbss       000000
__Hbigdata               bigdata      000000
__Hbigram                bigram       000000
__Hbigsfr                bigsfr       000000
__Hbss                   bss          000000
__HbssCOMRAM             bssCOMRAM    000000
__Hcinit                 cinit        000000
__Hclrtext               clrtext      000000
__Hcomram                comram       000000
__Hconfig                config       30000E
__Hconst                 const        000000
__HcstackCOMRAM          cstackCOMRAM 000000
__Hdata                  data         000000
__Heeprom_data           eeprom_data  000000
__Hfarbss                farbss       000000
__Hfardata               fardata      000000
__Hheap                  heap         000000
__Hibigdata              ibigdata     000000
__Hidata                 idata        000000
__Hidloc                 idloc        200008
__Hifardata              ifardata     000000
__Hinit                  init         000004
__Hintcode               intcode      000000
__Hintcode_body          intcode_body 000000
__Hintcodelo             intcodelo    000000
__Hintentry              intentry     000000
__Hintret                intret       000000
__Hintsave_regs          intsave_regs 000000
__Hirdata                irdata       000000
__Hmediumconst           mediumconst  000000
__HnvFARRAM              nvFARRAM     000000
__Hnvbit                 nvbit        000000
__Hnvrram                nvrram       000000
__Hparam                 rparam       000000
__Hpowerup               powerup      000000
__Hram                   ram          000000
__Hramtop                ramtop       000800
__Hrbit                  rbit         000000
__Hrbss                  rbss         000000
__Hrdata                 rdata        000000
__Hreset_vec             reset_vec    000000
__Hrparam                rparam       000000
__Hsfr                   sfr          000000
__Hsmallconst            smallconst   000824
__Hspace_0               (abs)        000A7E
__Hspace_1               (abs)        000053
__Hspace_2               (abs)        000000
__Hspace_4               (abs)        60000E
__Hstack                 stack        000000
__Hstruct                struct       000000
__Htemp                  temp         000000
__Htext                  text         000000
__Htext0                 text0        000000
__Htext1                 text1        000000
__Htext2                 text2        000000
__Htext3                 text3        000000
__Htext4                 text4        000000
__Htext5                 text5        000000
__Htext6                 text6        000000
__Htext7                 text7        000000
__Htext8                 text8        000000
__Htext9                 text9        000000
__LRAM                   (abs)        000001
__Labs1                  abs1         000000
__Lbank0                 bank0        000000
__Lbank1                 bank1        000000
__Lbank2                 bank2        000000
__Lbank3                 bank3        000000
__Lbank4                 bank4        000000
__Lbank5                 bank5        000000
__Lbank6                 bank6        000000
__Lbank7                 bank7        000000
__Lbigbss                bigbss       000000
__Lbigdata               bigdata      000000
__Lbigram                bigram       000000
__Lbigsfr                bigsfr       000000
__Lbss                   bss          000000
__LbssCOMRAM             bssCOMRAM    000000
__Lcinit                 cinit        000000
__Lclrtext               clrtext      000000
__Lcomram                comram       000000
__Lconfig                config       000000
__Lconst                 const        000000
__LcstackCOMRAM          cstackCOMRAM 000000
__Ldata                  data         000000
__Leeprom_data           eeprom_data  000000
__Lfarbss                farbss       000000
__Lfardata               fardata      000000
__Lheap                  heap         000000
__Libigdata              ibigdata     000000
__Lidata                 idata        000000
__Lidloc                 idloc        000000
__Lifardata              ifardata     000000
__Linit                  init         000000
__Lintcode               intcode      000000
__Lintcode_body          intcode_body 000000
__Lintcodelo             intcodelo    000000
__Lintentry              intentry     000000
__Lintret                intret       000000
__Lintsave_regs          intsave_regs 000000
__Lirdata                irdata       000000
__Lmediumconst           mediumconst  000000
__LnvFARRAM              nvFARRAM     000000
__Lnvbit                 nvbit        000000
__Lnvrram                nvrram       000000
__Lparam                 rparam       000000
__Lpowerup               powerup      000000
__Lram                   ram          000000
__Lramtop                ramtop       000800
__Lrbit                  rbit         000000
__Lrbss                  rbss         000000
__Lrdata                 rdata        000000
__Lreset_vec             reset_vec    000000
__Lrparam                rparam       000000
__Lsfr                   sfr          000000
__Lsmallconst            smallconst   000800
__Lspace_0               (abs)        000000
__Lspace_1               (abs)        000000
__Lspace_2               (abs)        000000
__Lspace_4               (abs)        000000
__Lstack                 stack        000000
__Lstruct                struct       000000
__Ltemp                  temp         000000
__Ltext                  text         000000
__Ltext0                 text0        000000
__Ltext1                 text1        000000
__Ltext2                 text2        000000
__Ltext3                 text3        000000
__Ltext4                 text4        000000
__Ltext5                 text5        000000
__Ltext6                 text6        000000
__Ltext7                 text7        000000
__Ltext8                 text8        000000
__Ltext9                 text9        000000
__S0                     (abs)        000A7E
__S1                     (abs)        000053
__S4                     (abs)        000000
__S5                     (abs)        000000
___funcs_on_exit         text8        000A2C
___heap_hi               (abs)        000000
___heap_lo               (abs)        000000
___inthi_sp              stack        000000
___intlo_sp              stack        000000
___param_bank            (abs)        000000
___rparam_used           (abs)        000001
___sp                    stack        000000
__accesstop              (abs)        000060
__activetblptr           (abs)        000002
__end_of__Exit           text9        000A7E
__end_of___funcs_on_exit text8        000A48
__end_of__initialization cinit        000A54
__end_of_atraso_ms       text6        0009D8
__end_of_exit            text7        000A70
__end_of_lcd_cmd         text4        000A2C
__end_of_lcd_dat         text2        000A02
__end_of_lcd_init        text3        000940
__end_of_lcd_str         text1        000990
__end_of_lcd_wr          text5        000A78
__end_of_main            text0        0008E4
__initialization         cinit        000A48
__mediumconst            mediumconst  000000
__pbssCOMRAM             bssCOMRAM    000001
__pcinit                 cinit        000A48
__pcstackCOMRAM          cstackCOMRAM 000042
__psmallconst            smallconst   000800
__ptext0                 text0        000824
__ptext1                 text1        000940
__ptext2                 text2        0009D8
__ptext3                 text3        0008E4
__ptext4                 text4        000A02
__ptext5                 text5        000A70
__ptext6                 text6        000990
__ptext7                 text7        000A5E
__ptext8                 text8        000A2C
__ptext9                 text9        000A78
__ramtop                 ramtop       000800
__smallconst             smallconst   000800
_atraso_ms               text6        000990
_count                   bssCOMRAM    000041
_exit                    text7        000A5E
_funcs                   bssCOMRAM    000001
_lcd_cmd                 text4        000A02
_lcd_dat                 text2        0009D8
_lcd_init                text3        0008E4
_lcd_str                 text1        000940
_lcd_wr                  text5        000A70
_main                    text0        000824
atraso_ms@i              cstackCOMRAM 000044
atraso_ms@j              cstackCOMRAM 000046
atraso_ms@valor          cstackCOMRAM 000042
end_of_initialization    cinit        000A54
exit@code                cstackCOMRAM 000044
intlevel0                text         000000
intlevel1                text         000000
intlevel2                text         000000
intlevel3                text         000000
isa$std                  (abs)        000001
isa$xinst                (abs)        000000
lcd_cmd@val              cstackCOMRAM 000047
lcd_dat@val              cstackCOMRAM 000047
lcd_str@i                cstackCOMRAM 00004C
lcd_str@str              cstackCOMRAM 000048
lcd_wr@val               cstackCOMRAM 000042
main@casa                cstackCOMRAM 000051
main@casa_               cstackCOMRAM 00004D
main@visitante_          cstackCOMRAM 00004F
stackhi                  (abs)        000000
stacklo                  (abs)        000000
start                    init         000000
start_initialization     cinit        000A48


MODULE INFORMATION

Module		Function		Class		Link	Load	Size
newmain.c
		_main          		CODE           	0824	0000	192

newmain.c estimated size: 192

atraso.c
		_atraso_ms     		CODE           	0990	0000	72

atraso.c estimated size: 72

C:\Program Files\Microchip\xc8\v2.40\pic\sources\c99\common\exit.c
		_exit          		CODE           	0A5E	0000	18

C:\Program Files\Microchip\xc8\v2.40\pic\sources\c99\common\exit.c estimated size: 18

C:\Program Files\Microchip\xc8\v2.40\pic\sources\c99\common\_Exit.c
		__Exit         		CODE           	0A78	0000	6

C:\Program Files\Microchip\xc8\v2.40\pic\sources\c99\common\_Exit.c estimated size: 6

shared
		__initialization		CODE           	0A48	0000	12

shared estimated size: 12

lcd.c
		_lcd_cmd       		CODE           	0A02	0000	42
		_lcd_dat       		CODE           	09D8	0000	42
		_lcd_wr        		CODE           	0A70	0000	8
		_lcd_str       		CODE           	0940	0000	80
		_lcd_init      		CODE           	08E4	0000	92

lcd.c estimated size: 264

C:\Program Files\Microchip\xc8\v2.40\pic\sources\c99\common\atexit.c
		___funcs_on_exit		CODE           	0A2C	0000	28

C:\Program Files\Microchip\xc8\v2.40\pic\sources\c99\common\atexit.c estimated size: 28

